---
source: tests/models/users.rs
expression: existing_user
---
Ok(
    Model {
        created_at: DATE,
        updated_at: DATE,
        id: ID
        pid: PID,
        email: "can_find_by_pid@example.com",
        password: "PASSWORD",
        api_key: "lo-PID",
        name: "John Doe",
        reset_token: None,
        reset_sent_at: None,
        email_verification_token: None,
        email_verification_sent_at: None,
        email_verified_at: None,
        magic_link_token: None,
        magic_link_expiration: None,
    },
)
