---
source: tests/requests/auth.rs
expression: login_response.text()
---
"{\"token\":\"TOKEN\",\"pid\":\"PID\",\"name\":\"loco\",\"is_verified\":false,\"email\":\"can_login_without_verify@loco.com\"}"
